{
  "Path": "testdata/TestNewReader/break_change-log.md.golden"
}