# Changelog

All notable changes to this project will be documented in this file. See [standard-version](https://github.com/conventional-changelog/standard-version) for commit guidelines.

## [1.1.0](https://github.com/sinlov-go/sample-markdown/compare/v1.0.0...v1.1.0) (2023-07-18)


### ✨ Features

* let sample_mk.Parse support BasicItem ([eda8986](https://github.com/sinlov-go/sample-markdown/commit/eda8986063a69eafff7bf142312bd23d6bfbc284))

## 1.0.0 (2023-07-11)


### ✨ Features

* add sample_mk for fast markdown parse and check ([fce0bf2](https://github.com/sinlov-go/sample-markdown/commit/fce0bf2ab453cbfe820fe71d1b71e7dc926beb92))
