{
  "RawHeader": "feat: add commit convention (2020-04-01) [a1b2c3d](github.com/sinlov-go/go-git-tools/commit/a1b2c3d4e5f6g7h8i9j0k1l2m3n4o5p6q7r8s9t0)",
  "Type": "feat",
  "Scope": ""
}