{
  "RawHeader": "docs: correct spelling of CHANGELOG (0001-01-01)",
  "Type": "docs",
  "Scope": "",
  "BreakingChanges": {
    "Describe": "",
    "IssueReference": "",
    "IssuePrefix": "",
    "IssueReferencesNum": 0
  }
}