{
  "RawHeader": "feat(lang): add polish language (0001-01-01)",
  "Type": "feat",
  "Scope": "lang",
  "BreakingChanges": {
    "Describe": "",
    "IssueReference": "",
    "IssuePrefix": "",
    "IssueReferencesId": 0
  }
}