{
  "RawHeader": "random git message (0001-01-01)",
  "Type": "misc",
  "Scope": "",
  "BreakingChanges": {
    "Describe": ""
  },
  "IssueInfo": {
    "IssueReference": "",
    "IssuePrefix": "",
    "IssueReferencesId": 0
  }
}