{
  "RawHeader": "Docs: correct spelling of CHANGELOG (0001-01-01)",
  "Type": "docs",
  "Scope": "",
  "BreakingChanges": {
    "Describe": ""
  },
  "IssueInfo": {
    "IssueReference": "",
    "IssuePrefix": "",
    "IssueReferencesId": 0
  }
}