{
  "RawHeader": "REFACTOR!: drop support for Node 6 (0001-01-01)",
  "Type": "refactor",
  "Scope": "",
  "BreakingChanges": {
    "Describe": ""
  },
  "IssueInfo": {
    "IssueReference": "",
    "IssuePrefix": "",
    "IssueReferencesId": 0
  }
}