## 1.0.0 (2020-01-18)

### Bug Fixes

* fix: new fix

### Features

* feat: new feature
