{
  "types": [
    {
      "type": "feat",
      "section": "✨ Features",
      "hidden": false,
      "sort": 1
    },
    {
      "type": "fix",
      "section": "🐛 Bug Fixes",
      "hidden": false,
      "sort": 2
    },
    {
      "type": "docs",
      "section": "📝 Documentation",
      "hidden": true,
      "sort": 3
    },
    {
      "type": "style",
      "section": "💄 Styles",
      "hidden": true,
      "sort": 4
    },
    {
      "type": "refactor",
      "section": "♻ Refactor",
      "hidden": false,
      "sort": 5
    },
    {
      "type": "perf",
      "section": "⚡ Performance Improvements",
      "hidden": false,
      "sort": 6
    },
    {
      "type": "test",
      "section": "✅ Tests",
      "hidden": true,
      "sort": 7
    },
    {
      "type": "build",
      "section": "👷‍ Build System",
      "hidden": false,
      "sort": 8
    },
    {
      "type": "ci",
      "section": "🔧 Continuous Integration",
      "hidden": true,
      "sort": 9
    },
    {
      "type": "chore",
      "section": "📦 Chores",
      "hidden": true,
      "sort": 10
    },
    {
      "type": "revert",
      "section": "⏪ Reverts",
      "hidden": false,
      "sort": 11
    }
  ],
  "tag-prefix": "v",
  "hash-length": 8,
  "issuePrefixes": [
    "#"
  ],
  "header": "Changelog",
  "commitUrlFormat": "{{host}}/{{owner}}/{{repository}}/commit/{{hash}}",
  "compareUrlFormat": "{{host}}/{{owner}}/{{repository}}/compare/{{previousTag}}...{{currentTag}}",
  "issueUrlFormat": "{{host}}/{{owner}}/{{repository}}/issues/{{id}}",
  "userUrlFormat": "{{host}}/{{user}}",
  "releaseCommitMessageFormat": "chore(release): {{currentTag}}"
}