{
  "RawHeader": "new api env:CI env:CI_DEBUG support ([a1b2c3d4](https://github.com/convention-change/convention-change-log/commit/a1b2c3d4e5f6a1b2c3d4e5f6a1b2c3d4e5f6a1b2))",
  "Type": "feat",
  "Scope": "",
  "BreakingChanges": {
    "Describe": "this is env:CI env:CI_DEBUG api breaking changes"
  },
  "IssueInfo": {
    "IssueReference": "fix",
    "IssuePrefix": "#",
    "IssueReferencesId": 1
  }
}