{
  "RawHeader": "add macOS 64-bit standalone build support",
  "Type": "build",
  "Scope": "ci_woodpecker",
  "BreakingChanges": {
    "Describe": ""
  },
  "IssueInfo": {
    "IssueReference": "",
    "IssuePrefix": "",
    "IssueReferencesId": 0
  }
}