{
  "RawHeader": "add polish language",
  "Type": "feat",
  "Scope": "lang",
  "BreakingChanges": {
    "Describe": ""
  },
  "IssueInfo": {
    "IssueReference": "",
    "IssuePrefix": "",
    "IssueReferencesId": 0
  }
}