{
  "RawHeader": "add commit convention (2020-04-01)",
  "Type": "feat",
  "Scope": "",
  "BreakingChanges": {
    "Describe": "",
    "IssueReference": "",
    "IssuePrefix": "",
    "IssueReferencesId": 0
  }
}